EESchema (20080825c)  >> Creation date: 10/12/2009-23:23:01

#Componentes ( orden = Referencia )
| C1         6.5p        
| C2         7.9p        
| C3         1-5p        
| C4         10n         
| C5         100n        
| C6         39p         
| C7         4.3p        
| C8         13.4p       
| C9         1-5p        
| C10        10n         
| C11        100n        
| C12        180p        
| C13        37.1p       
| C14        58.6p       
| C15        100p        
| C16        100u        
| C17        100n        
| C18        9.8p        
| C19        6.4p        
| FB1        VK200       
| FB2        VK200       
| FB3        VK200       
| FB4        VK200       
| FB5        VK200       
| FB6        VK200       
| FB7        VK200       
| L1         198.9n      
| L2         152.1n      
| L3         18.7n       
| L4         146.9n      
| P1         senal       
| P2         fuente      
| P3         carga       
| Q1         bfr90       
| Q2         bfr96       
| Q3         2n4427      
| R1         2.7k        
| R2         2.7k        
| R3         1K          
| R4         180         
| R5         470         
| R6         470         
| R7         1k          
| R8         1K          
| R9         100         
#Fin Componentes

#Componentes ( orden = Valor )
| 1-5p         C3        
| 1-5p         C9        
| 100          R9        
| 100n         C5        
| 100n         C11       
| 100n         C17       
| 100p         C15       
| 100u         C16       
| 10n          C4        
| 10n          C10       
| 13.4p        C8        
| 146.9n       L4        
| 152.1n       L2        
| 18.7n        L3        
| 180          R4        
| 180p         C12       
| 198.9n       L1        
| 1K           R3        
| 1k           R7        
| 1K           R8        
| 2.7k         R1        
| 2.7k         R2        
| 2n4427       Q3        
| 37.1p        C13       
| 39p          C6        
| 4.3p         C7        
| 470          R5        
| 470          R6        
| 58.6p        C14       
| 6.4p         C19       
| 6.5p         C1        
| 7.9p         C2        
| 9.8p         C18       
| bfr90        Q1        
| bfr96        Q2        
| carga        P3        
| fuente       P2        
| senal        P1        
| VK200        FB1       
| VK200        FB2       
| VK200        FB3       
| VK200        FB4       
| VK200        FB5       
| VK200        FB6       
| VK200        FB7       
#Fin Componentes

#Fin de Lista
