MPLINK 4.34, Linker
Linker Map File - Created Fri Dec 18 19:27:14 2009

                                 Section Info
                  Section       Type    Address   Location Size(Bytes)
                ---------  ---------  ---------  ---------  ---------
                   .org_0       code   0x000000    program   0x000002
                   .cinit    romdata   0x000001    program   0x000004
                   .org_1       code   0x000004    program   0x00005e



                              Program Memory Usage 
                               Start         End      
                           ---------   ---------      
                            0x000000    0x000002      
                            0x000004    0x000032      
            50 out of 1093 program addresses used, program memory utilization is 4%



                              Symbols - Sorted by Name
                     Name    Address   Location    Storage File                     
                ---------  ---------  ---------  --------- ---------                
                   INICIO   0x000009    program     static D:\Mis documentos\MARCO\Facu\5º AÑO\Aplicada III\proyecto final aplicada\Prog_Aplicada III\Aplicada III.asm
                     MAIN   0x000018    program     static D:\Mis documentos\MARCO\Facu\5º AÑO\Aplicada III\proyecto final aplicada\Prog_Aplicada III\Aplicada III.asm
                    abajo   0x000023    program     static D:\Mis documentos\MARCO\Facu\5º AÑO\Aplicada III\proyecto final aplicada\Prog_Aplicada III\Aplicada III.asm
                   arriba   0x00001a    program     static D:\Mis documentos\MARCO\Facu\5º AÑO\Aplicada III\proyecto final aplicada\Prog_Aplicada III\Aplicada III.asm
                 desTxMax   0x00002d    program     static D:\Mis documentos\MARCO\Facu\5º AÑO\Aplicada III\proyecto final aplicada\Prog_Aplicada III\Aplicada III.asm
                 desTxMin   0x000030    program     static D:\Mis documentos\MARCO\Facu\5º AÑO\Aplicada III\proyecto final aplicada\Prog_Aplicada III\Aplicada III.asm



                              Symbols - Sorted by Address
                     Name    Address   Location    Storage File                     
                ---------  ---------  ---------  --------- ---------                
                   INICIO   0x000009    program     static D:\Mis documentos\MARCO\Facu\5º AÑO\Aplicada III\proyecto final aplicada\Prog_Aplicada III\Aplicada III.asm
                     MAIN   0x000018    program     static D:\Mis documentos\MARCO\Facu\5º AÑO\Aplicada III\proyecto final aplicada\Prog_Aplicada III\Aplicada III.asm
                   arriba   0x00001a    program     static D:\Mis documentos\MARCO\Facu\5º AÑO\Aplicada III\proyecto final aplicada\Prog_Aplicada III\Aplicada III.asm
                    abajo   0x000023    program     static D:\Mis documentos\MARCO\Facu\5º AÑO\Aplicada III\proyecto final aplicada\Prog_Aplicada III\Aplicada III.asm
                 desTxMax   0x00002d    program     static D:\Mis documentos\MARCO\Facu\5º AÑO\Aplicada III\proyecto final aplicada\Prog_Aplicada III\Aplicada III.asm
                 desTxMin   0x000030    program     static D:\Mis documentos\MARCO\Facu\5º AÑO\Aplicada III\proyecto final aplicada\Prog_Aplicada III\Aplicada III.asm


