MPLINK 4.34, Linker
Linker Map File - Created Wed Dec 23 22:11:09 2009

                                 Section Info
                  Section       Type    Address   Location Size(Bytes)
                ---------  ---------  ---------  ---------  ---------
                   .org_0       code   0x000000    program   0x000002
                   .cinit    romdata   0x000001    program   0x000004
                   .org_1       code   0x000004    program   0x000088



                              Program Memory Usage 
                               Start         End      
                           ---------   ---------      
                            0x000000    0x000002      
                            0x000004    0x000047      
            71 out of 1093 program addresses used, program memory utilization is 6%



                              Symbols - Sorted by Name
                     Name    Address   Location    Storage File                     
                ---------  ---------  ---------  --------- ---------                
                   INICIO   0x000010    program     static D:\Mis documentos\MARCO\Proyecto5R1\Catedras\EAIII\pfinal\Prog_Aplicada III\Aplicada III.asm
                     MAIN   0x000023    program     static D:\Mis documentos\MARCO\Proyecto5R1\Catedras\EAIII\pfinal\Prog_Aplicada III\Aplicada III.asm
                    abajo   0x000031    program     static D:\Mis documentos\MARCO\Proyecto5R1\Catedras\EAIII\pfinal\Prog_Aplicada III\Aplicada III.asm
                   arriba   0x000026    program     static D:\Mis documentos\MARCO\Proyecto5R1\Catedras\EAIII\pfinal\Prog_Aplicada III\Aplicada III.asm
                 desTxMax   0x00003e    program     static D:\Mis documentos\MARCO\Proyecto5R1\Catedras\EAIII\pfinal\Prog_Aplicada III\Aplicada III.asm
                 desTxMin   0x000042    program     static D:\Mis documentos\MARCO\Proyecto5R1\Catedras\EAIII\pfinal\Prog_Aplicada III\Aplicada III.asm



                              Symbols - Sorted by Address
                     Name    Address   Location    Storage File                     
                ---------  ---------  ---------  --------- ---------                
                   INICIO   0x000010    program     static D:\Mis documentos\MARCO\Proyecto5R1\Catedras\EAIII\pfinal\Prog_Aplicada III\Aplicada III.asm
                     MAIN   0x000023    program     static D:\Mis documentos\MARCO\Proyecto5R1\Catedras\EAIII\pfinal\Prog_Aplicada III\Aplicada III.asm
                   arriba   0x000026    program     static D:\Mis documentos\MARCO\Proyecto5R1\Catedras\EAIII\pfinal\Prog_Aplicada III\Aplicada III.asm
                    abajo   0x000031    program     static D:\Mis documentos\MARCO\Proyecto5R1\Catedras\EAIII\pfinal\Prog_Aplicada III\Aplicada III.asm
                 desTxMax   0x00003e    program     static D:\Mis documentos\MARCO\Proyecto5R1\Catedras\EAIII\pfinal\Prog_Aplicada III\Aplicada III.asm
                 desTxMin   0x000042    program     static D:\Mis documentos\MARCO\Proyecto5R1\Catedras\EAIII\pfinal\Prog_Aplicada III\Aplicada III.asm


