MPLINK 4.34, Linker
Linker Map File - Created Mon Dec 21 09:47:27 2009

                                 Section Info
                  Section       Type    Address   Location Size(Bytes)
                ---------  ---------  ---------  ---------  ---------
                   .org_0       code   0x000000    program   0x000002
                   .cinit    romdata   0x000001    program   0x000004
                   .org_1       code   0x000004    program   0x000078



                              Program Memory Usage 
                               Start         End      
                           ---------   ---------      
                            0x000000    0x000002      
                            0x000004    0x00003f      
            63 out of 1093 program addresses used, program memory utilization is 5%



                              Symbols - Sorted by Name
                     Name    Address   Location    Storage File                     
                ---------  ---------  ---------  --------- ---------                
                   INICIO   0x00000d    program     static D:\Mis documentos\MARCO\Proyecto5R1\Catedras\EAIII\pfinal\Prog_Aplicada III\Aplicada III.asm
                     MAIN   0x00001e    program     static D:\Mis documentos\MARCO\Proyecto5R1\Catedras\EAIII\pfinal\Prog_Aplicada III\Aplicada III.asm
                    abajo   0x00002b    program     static D:\Mis documentos\MARCO\Proyecto5R1\Catedras\EAIII\pfinal\Prog_Aplicada III\Aplicada III.asm
                   arriba   0x000020    program     static D:\Mis documentos\MARCO\Proyecto5R1\Catedras\EAIII\pfinal\Prog_Aplicada III\Aplicada III.asm
                 desTxMax   0x000038    program     static D:\Mis documentos\MARCO\Proyecto5R1\Catedras\EAIII\pfinal\Prog_Aplicada III\Aplicada III.asm
                 desTxMin   0x00003b    program     static D:\Mis documentos\MARCO\Proyecto5R1\Catedras\EAIII\pfinal\Prog_Aplicada III\Aplicada III.asm



                              Symbols - Sorted by Address
                     Name    Address   Location    Storage File                     
                ---------  ---------  ---------  --------- ---------                
                   INICIO   0x00000d    program     static D:\Mis documentos\MARCO\Proyecto5R1\Catedras\EAIII\pfinal\Prog_Aplicada III\Aplicada III.asm
                     MAIN   0x00001e    program     static D:\Mis documentos\MARCO\Proyecto5R1\Catedras\EAIII\pfinal\Prog_Aplicada III\Aplicada III.asm
                   arriba   0x000020    program     static D:\Mis documentos\MARCO\Proyecto5R1\Catedras\EAIII\pfinal\Prog_Aplicada III\Aplicada III.asm
                    abajo   0x00002b    program     static D:\Mis documentos\MARCO\Proyecto5R1\Catedras\EAIII\pfinal\Prog_Aplicada III\Aplicada III.asm
                 desTxMax   0x000038    program     static D:\Mis documentos\MARCO\Proyecto5R1\Catedras\EAIII\pfinal\Prog_Aplicada III\Aplicada III.asm
                 desTxMin   0x00003b    program     static D:\Mis documentos\MARCO\Proyecto5R1\Catedras\EAIII\pfinal\Prog_Aplicada III\Aplicada III.asm


