MPASM  5.34                  APLICADA III.ASM   12-21-2009  9:47:26         PAGE  1


LOC  OBJECT CODE     LINE SOURCE TEXT
  VALUE

                      00001  #include <p16f84a.inc> 
                      00001         LIST
                      00002 ; P16F84A.INC  Standard Header File, Version 2.00    Microchip Technology, Inc.
                      00134         LIST
                      00002 
                      00003         CBLOCK 0X20
  00000020            00004         inc_dec
  00000021            00005         vari
                      00006         ENDC
                      00007 
                      00008         ORG     0x0
0000   2???           00009         goto    INICIO
                      00010         
                      00011         ORG 0x4
                      00012 
0004   188B           00013         btfsc   INTCON,1
0005   2???           00014         goto arriba
                      00015                 
0006   180B           00016         btfsc   INTCON,0; testeo el cambio de estado de RB7
0007   0000           00017         nop
0008   1C21           00018         btfss   vari,0
0009   2???           00019         goto    abajo
000A   01A1           00020         clrf    vari
000B   100B           00021         bcf             INTCON,RBIF ; borro la bandera de RB7 por soft
000C   0009           00022         retfie
                      00023         
                      00024         
000D                  00025 INICIO
000D   3000           00026         movlw   0x00
000E   00A1           00027         movwf   vari
000F   1683           00028         bsf             STATUS,RP0      ;Me ubico en el banco 1 de la memoria
0010   3000           00029         movlw   b'00000'
Message[302]: Register in operand not in bank 0.  Ensure that bank bits are correct.
0011   0085           00030         movwf   TRISA           ;PUERTO COMO SALIDA
0012   3081           00031         movlw   b'10000001'
Message[302]: Register in operand not in bank 0.  Ensure that bank bits are correct.
0013   0086           00032         movwf   TRISB           ; Entradas RB0 y RB7. Resto COMO SALIDA
0014   30C0           00033         movlw   b'11000000' ;Flanco de RB0 como ascendente
Message[302]: Register in operand not in bank 0.  Ensure that bank bits are correct.
0015   0081           00034         movwf   OPTION_REG
0016   1283           00035         bcf             STATUS,RP0
0017   3098           00036         movlw   b'10011000'; habilito interrupciones globales y perisfericos, RB0, y RB4-RB7
0018   008B           00037         movwf   INTCON
0019   3008           00038         movlw   b'01000'; seteo al puerto A como 01000 para que el motor arranque parado.
001A   00A0           00039         movwf   inc_dec
001B   0820           00040         movf    inc_dec,0
001C   0085           00041         movwf   PORTA
001D   0186           00042         clrf    PORTB
                      00043 
                      00044 
                      00045 
001E                  00046 MAIN
001E   0064           00047         clrwdt  
MPASM  5.34                  APLICADA III.ASM   12-21-2009  9:47:26         PAGE  2


LOC  OBJECT CODE     LINE SOURCE TEXT
  VALUE

                      00048 
                      00049                 
001F   2???           00050         goto MAIN
                      00051 
0020                  00052 arriba
0020   108B           00053         bcf             INTCON,INTF     ; borro la bandera de RB0 por soft
0021   3011           00054         movlw   b'10001'
0022   0720           00055         addwf   inc_dec,0
0023   1883           00056         btfsc   STATUS,1                ; se pasa para arriba de 1111
0024   2???           00057         goto    desTxMax
0025   1186           00058         bcf             PORTB,3                 ; Deshabilita transmición
0026   1106           00059         bcf             PORTB,2                 ;Led Min
0027   0AA0           00060         incf    inc_dec,1
0028   0820           00061         movf    inc_dec,0
0029   0085           00062         movwf   PORTA
002A   0009           00063         retfie
                      00064 
002B                  00065 abajo
002B   100B           00066         bcf             INTCON,RBIF     ; borro la bandera de RB7 por soft
002C   300F           00067         movlw   b'01111'
002D   0520           00068         andwf   inc_dec,0
002E   1903           00069         btfsc   STATUS,Z                ; si se pasa para abajo de 0000
002F   2???           00070         goto    desTxMin
0030   1186           00071         bcf             PORTB,3                 ; Deshabilita transmición
0031   1086           00072         bcf             PORTB,1                 ;Led Max
0032   03A0           00073         decf    inc_dec,1
0033   0820           00074         movf    inc_dec,0
0034   0085           00075         movwf   PORTA
0035   3001           00076         movlw   0x01
0036   00A1           00077         movwf   vari
0037   0009           00078         retfie
0038                  00079 desTxMax
0038   1586           00080         bsf             PORTB,3                 ; Deshabilita transmición
0039   1486           00081         bsf             PORTB,1                 ; Led Max
003A   0009           00082         retfie
003B                  00083 desTxMin
003B   1586           00084         bsf             PORTB,3                 ; Deshabilita transmición
003C   1506           00085         bsf             PORTB,2                 ; Led Min
003D   3001           00086         movlw   0x01
003E   00A1           00087         movwf   vari
003F   0009           00088         retfie
                      00089 
                      00090         END
MPASM  5.34                  APLICADA III.ASM   12-21-2009  9:47:26         PAGE  3


SYMBOL TABLE
  LABEL                             VALUE 

C                                 00000000
DC                                00000001
EEADR                             00000009
EECON1                            00000088
EECON2                            00000089
EEDATA                            00000008
EEIE                              00000006
EEIF                              00000004
F                                 00000001
FSR                               00000004
GIE                               00000007
INDF                              00000000
INICIO                            0000000D
INTCON                            0000000B
INTE                              00000004
INTEDG                            00000006
INTF                              00000001
IRP                               00000007
MAIN                              0000001E
NOT_PD                            00000003
NOT_RBPU                          00000007
NOT_TO                            00000004
OPTION_REG                        00000081
PCL                               00000002
PCLATH                            0000000A
PORTA                             00000005
PORTB                             00000006
PS0                               00000000
PS1                               00000001
PS2                               00000002
PSA                               00000003
RBIE                              00000003
RBIF                              00000000
RD                                00000000
RP0                               00000005
RP1                               00000006
STATUS                            00000003
T0CS                              00000005
T0IE                              00000005
T0IF                              00000002
T0SE                              00000004
TMR0                              00000001
TRISA                             00000085
TRISB                             00000086
W                                 00000000
WR                                00000001
WREN                              00000002
WRERR                             00000003
Z                                 00000002
_CP_OFF                           00003FFF
_CP_ON                            0000000F
_HS_OSC                           00003FFE
_LP_OSC                           00003FFC
MPASM  5.34                  APLICADA III.ASM   12-21-2009  9:47:26         PAGE  4


SYMBOL TABLE
  LABEL                             VALUE 

_PWRTE_OFF                        00003FFF
_PWRTE_ON                         00003FF7
_RC_OSC                           00003FFF
_WDT_OFF                          00003FFB
_WDT_ON                           00003FFF
_XT_OSC                           00003FFD
__16F84A                          00000001
__DEBUG                           1
abajo                             0000002B
arriba                            00000020
desTxMax                          00000038
desTxMin                          0000003B
inc_dec                           00000020
vari                              00000021

Errors   :     0
Warnings :     0 reported,     0 suppressed
Messages :     3 reported,     0 suppressed

