MPASM  5.34                  APLICADA III.ASM   12-23-2009  22:11:08         PAGE  1


LOC  OBJECT CODE     LINE SOURCE TEXT
  VALUE

                      00001  #include <p16f84a.inc> 
                      00001         LIST
                      00002 ; P16F84A.INC  Standard Header File, Version 2.00    Microchip Technology, Inc.
                      00134         LIST
                      00002 
                      00003         CBLOCK 0X20
  00000020            00004         inc_dec
  00000021            00005         vari
  00000022            00006         vari1
                      00007         ENDC
                      00008 
                      00009         ORG     0x0
0000   2???           00010         goto    INICIO
                      00011         
                      00012         ORG 0x4
                      00013 
0004   188B           00014         btfsc   INTCON,1
0005   2???           00015         goto arriba
0006   0806           00016         movf    PORTB,0
0007   00A1           00017         movwf   vari
0008   1FA1           00018         btfss   vari,7
0009   0000           00019         nop
000A   1C22           00020         btfss   vari1,0
000B   2???           00021         goto    abajo
000C   01A1           00022         clrf    vari
000D   01A2           00023         clrf    vari1
000E   100B           00024         bcf             INTCON,RBIF ; borro la bandera de RB7 por soft
000F   0009           00025         retfie
                      00026         
                      00027         
0010                  00028 INICIO
0010   3000           00029         movlw   0x00
0011   00A2           00030         movwf   vari1
0012   3000           00031         movlw   0x00
0013   00A1           00032         movwf   vari
0014   1683           00033         bsf             STATUS,RP0      ;Me ubico en el banco 1 de la memoria
0015   3000           00034         movlw   b'00000'
Message[302]: Register in operand not in bank 0.  Ensure that bank bits are correct.
0016   0085           00035         movwf   TRISA           ;PUERTO COMO SALIDA
0017   3081           00036         movlw   b'10000001'
Message[302]: Register in operand not in bank 0.  Ensure that bank bits are correct.
0018   0086           00037         movwf   TRISB           ; Entradas RB0 y RB7. Resto COMO SALIDA
0019   30C0           00038         movlw   b'11000000' ;Flanco de RB0 como ascendente
Message[302]: Register in operand not in bank 0.  Ensure that bank bits are correct.
001A   0081           00039         movwf   OPTION_REG
001B   1283           00040         bcf             STATUS,RP0
001C   3098           00041         movlw   b'10011000'; habilito interrupciones globales y perisfericos, RB0, y RB4-RB7
001D   008B           00042         movwf   INTCON
001E   3008           00043         movlw   b'01000'; seteo al puerto A como 01000 para que el motor arranque parado.
001F   00A0           00044         movwf   inc_dec
0020   0820           00045         movf    inc_dec,0
0021   0085           00046         movwf   PORTA
0022   0186           00047         clrf    PORTB
MPASM  5.34                  APLICADA III.ASM   12-23-2009  22:11:08         PAGE  2


LOC  OBJECT CODE     LINE SOURCE TEXT
  VALUE

                      00048 
                      00049 
                      00050 
0023                  00051 MAIN
0023   0064           00052         clrwdt
0024   01A1           00053         clrf    vari    
0025   2???           00054         goto MAIN
                      00055 
0026                  00056 arriba
                      00057         
0026   3011           00058         movlw   b'10001'
0027   0720           00059         addwf   inc_dec,0
0028   1883           00060         btfsc   STATUS,1                ; se pasa para arriba de 1111
0029   2???           00061         goto    desTxMax                
002A   1186           00062         bcf             PORTB,3                 ; Deshabilita transmición
002B   1106           00063         bcf             PORTB,2                 ;Led Min
002C   0AA0           00064         incf    inc_dec,1
002D   0820           00065         movf    inc_dec,0
002E   0085           00066         movwf   PORTA
002F   108B           00067         bcf             INTCON,INTF     ; borro la bandera de RB0 por soft
0030   0009           00068         retfie
                      00069 
0031                  00070 abajo
0031   300F           00071         movlw   b'01111'
0032   0520           00072         andwf   inc_dec,0
0033   1903           00073         btfsc   STATUS,Z                ; si se pasa para abajo de 0000
0034   2???           00074         goto    desTxMin
0035   1186           00075         bcf             PORTB,3                 ; Deshabilita transmición
0036   1086           00076         bcf             PORTB,1 
0037   03A0           00077         decf    inc_dec,1
0038   0820           00078         movf    inc_dec,0
0039   0085           00079         movwf   PORTA
003A   3001           00080         movlw   0x01
003B   00A2           00081         movwf   vari1
003C   100B           00082         bcf             INTCON,RBIF     ; borro la bandera de RB7 por soft
003D   0009           00083         retfie
003E                  00084 desTxMax
003E   1586           00085         bsf             PORTB,3                 ; Deshabilita transmición
003F   1486           00086         bsf             PORTB,1                 ; Led Max
0040   108B           00087         bcf             INTCON,INTF     ; borro la bandera de RB0 por soft
0041   0009           00088         retfie
0042                  00089 desTxMin
0042   1586           00090         bsf             PORTB,3                 ; Deshabilita transmición
0043   1506           00091         bsf             PORTB,2                 ; Led Min
0044   3001           00092         movlw   0x01
0045   00A2           00093         movwf   vari1
0046   100B           00094         bcf             INTCON,RBIF     ; borro la bandera de RB7 por soft
0047   0009           00095         retfie
                      00096 
                      00097         END
MPASM  5.34                  APLICADA III.ASM   12-23-2009  22:11:08         PAGE  3


SYMBOL TABLE
  LABEL                             VALUE 

C                                 00000000
DC                                00000001
EEADR                             00000009
EECON1                            00000088
EECON2                            00000089
EEDATA                            00000008
EEIE                              00000006
EEIF                              00000004
F                                 00000001
FSR                               00000004
GIE                               00000007
INDF                              00000000
INICIO                            00000010
INTCON                            0000000B
INTE                              00000004
INTEDG                            00000006
INTF                              00000001
IRP                               00000007
MAIN                              00000023
NOT_PD                            00000003
NOT_RBPU                          00000007
NOT_TO                            00000004
OPTION_REG                        00000081
PCL                               00000002
PCLATH                            0000000A
PORTA                             00000005
PORTB                             00000006
PS0                               00000000
PS1                               00000001
PS2                               00000002
PSA                               00000003
RBIE                              00000003
RBIF                              00000000
RD                                00000000
RP0                               00000005
RP1                               00000006
STATUS                            00000003
T0CS                              00000005
T0IE                              00000005
T0IF                              00000002
T0SE                              00000004
TMR0                              00000001
TRISA                             00000085
TRISB                             00000086
W                                 00000000
WR                                00000001
WREN                              00000002
WRERR                             00000003
Z                                 00000002
_CP_OFF                           00003FFF
_CP_ON                            0000000F
_HS_OSC                           00003FFE
_LP_OSC                           00003FFC
MPASM  5.34                  APLICADA III.ASM   12-23-2009  22:11:08         PAGE  4


SYMBOL TABLE
  LABEL                             VALUE 

_PWRTE_OFF                        00003FFF
_PWRTE_ON                         00003FF7
_RC_OSC                           00003FFF
_WDT_OFF                          00003FFB
_WDT_ON                           00003FFF
_XT_OSC                           00003FFD
__16F84A                          00000001
__DEBUG                           1
abajo                             00000031
arriba                            00000026
desTxMax                          0000003E
desTxMin                          00000042
inc_dec                           00000020
vari                              00000021
vari1                             00000022

Errors   :     0
Warnings :     0 reported,     0 suppressed
Messages :     3 reported,     0 suppressed

